// Jest Snapshot v1, https://goo.gl/fbAQLP

exports[`App should render successfully 1`] = `
<DocumentFragment>
  <div>
    <div
      class="header"
    >
      <nav
        class="bg-gray-800"
      >
        <div
          class="mx-auto max-w-7xl px-2 sm:px-6 lg:px-8"
        >
          <div
            class="relative flex h-16 items-center justify-between"
          >
            <div
              class="absolute inset-y-0 left-0 flex items-center sm:hidden"
            >
              <button
                aria-controls="mobile-menu"
                aria-expanded="false"
                class="inline-flex items-center justify-center rounded-md p-2 text-gray-400 hover:bg-gray-700 hover:text-white focus:outline-none focus:ring-2 focus:ring-inset focus:ring-white"
                type="button"
              >
                <span
                  class="sr-only"
                >
                  Open main menu
                </span>
                <svg
                  aria-hidden="true"
                  class="block h-6 w-6"
                  fill="none"
                  stroke="currentColor"
                  stroke-width="1.5"
                  viewBox="0 0 24 24"
                  xmlns="http://www.w3.org/2000/svg"
                >
                  <path
                    d="M3.75 6.75h16.5M3.75 12h16.5m-16.5 5.25h16.5"
                    stroke-linecap="round"
                    stroke-linejoin="round"
                  />
                </svg>
                <svg
                  aria-hidden="true"
                  class="hidden h-6 w-6"
                  fill="none"
                  stroke="currentColor"
                  stroke-width="1.5"
                  viewBox="0 0 24 24"
                  xmlns="http://www.w3.org/2000/svg"
                >
                  <path
                    d="M6 18L18 6M6 6l12 12"
                    stroke-linecap="round"
                    stroke-linejoin="round"
                  />
                </svg>
              </button>
            </div>
            <div
              class="flex flex-1 items-center justify-center sm:items-stretch sm:justify-start"
            >
              <div
                class="flex flex-shrink-0 items-center"
              >
                <img
                  alt="Your Company"
                  class="block h-8 w-auto lg:hidden"
                  src="https://tailwindui.com/img/logos/mark.svg?color=indigo&shade=500"
                />
                <img
                  alt="Your Company"
                  class="hidden h-8 w-auto lg:block"
                  src="https://tailwindui.com/img/logos/mark.svg?color=indigo&shade=500"
                />
              </div>
              <div
                class="hidden sm:ml-6 sm:block"
              >
                <div
                  class="flex space-x-4"
                >
                  <a
                    aria-current="page"
                    class="bg-gray-900 text-white px-3 py-2 rounded-md text-sm font-medium"
                    href="#"
                  >
                    Blog
                  </a>
                  <a
                    class="text-gray-300 hover:bg-gray-700 hover:text-white px-3 py-2 rounded-md text-sm font-medium"
                    href="#"
                  >
                    About
                  </a>
                  <a
                    class="text-gray-300 hover:bg-gray-700 hover:text-white px-3 py-2 rounded-md text-sm font-medium"
                    href="#"
                  >
                    Contact
                  </a>
                </div>
              </div>
            </div>
            <div
              class="absolute inset-y-0 right-0 flex items-center pr-2 sm:static sm:inset-auto sm:ml-6 sm:pr-0"
            >
              <button
                class="rounded-full bg-gray-800 p-1 text-gray-400 hover:text-white focus:outline-none focus:ring-2 focus:ring-white focus:ring-offset-2 focus:ring-offset-gray-800"
                type="button"
              >
                <span
                  class="sr-only"
                >
                  View notifications
                </span>
                <svg
                  aria-hidden="true"
                  class="h-6 w-6"
                  fill="none"
                  stroke="currentColor"
                  stroke-width="1.5"
                  viewBox="0 0 24 24"
                  xmlns="http://www.w3.org/2000/svg"
                >
                  <path
                    d="M14.857 17.082a23.848 23.848 0 005.454-1.31A8.967 8.967 0 0118 9.75v-.7V9A6 6 0 006 9v.75a8.967 8.967 0 01-2.312 6.022c1.733.64 3.56 1.085 5.455 1.31m5.714 0a24.255 24.255 0 01-5.714 0m5.714 0a3 3 0 11-5.714 0"
                    stroke-linecap="round"
                    stroke-linejoin="round"
                  />
                </svg>
              </button>
              <div
                class="relative ml-3"
              >
                <div>
                  <button
                    aria-expanded="false"
                    aria-haspopup="true"
                    class="flex rounded-full bg-gray-800 text-sm focus:outline-none focus:ring-2 focus:ring-white focus:ring-offset-2 focus:ring-offset-gray-800"
                    id="user-menu-button"
                    type="button"
                  >
                    <span
                      class="sr-only"
                    >
                      Open user menu
                    </span>
                    <img
                      alt=""
                      class="h-8 w-8 rounded-full"
                      src="https://images.unsplash.com/photo-1472099645785-5658abf4ff4e?ixlib=rb-1.2.1&ixid=eyJhcHBfaWQiOjEyMDd9&auto=format&fit=facearea&facepad=2&w=256&h=256&q=80"
                    />
                  </button>
                </div>
              </div>
            </div>
          </div>
        </div>
        <div
          class="sm:hidden"
          id="mobile-menu"
        >
          <div
            class="space-y-1 px-2 pt-2 pb-3"
          >
            <a
              aria-current="page"
              class="bg-gray-900 text-white block px-3 py-2 rounded-md text-base font-medium"
              href="#"
            >
              Blog
            </a>
            <a
              class="text-gray-300 hover:bg-gray-700 hover:text-white block px-3 py-2 rounded-md text-base font-medium"
              href="#"
            >
              About
            </a>
            <a
              class="text-gray-300 hover:bg-gray-700 hover:text-white block px-3 py-2 rounded-md text-base font-medium"
              href="#"
            >
              Contact
            </a>
          </div>
        </div>
      </nav>
    </div>
    <div
      class="grid md:grid-cols-3 content card-container"
    >
      <div
        class="max-w-sm rounded overflow-hidden shadow-lg"
        style="padding-top: 10px; margin-right: 10px;"
      >
        <img
          alt="Sunset in the mountains"
          class="w-full"
          src="https://picsum.photos/300/203"
        />
        <div
          class="flex flex-row"
        >
          <div
            class="basis-1/2"
            style="padding-left: 1.5rem; padding-top: 1rem; color: gray;"
          >
            2019-10-10
          </div>
          <div
            class="basis-1/2"
            style="text-align: center; padding-top: 1rem; color: gray;"
          >
            2 mins
          </div>
        </div>
        <div
          class="px-6 py-4"
        >
          <div
            class="font-bold text-xl mb-2"
          >
            The Coldest Sunset
          </div>
          <p
            class="text-gray-700 text-base"
          >
            Lorem ipsum dolor sit amet, consectetur adipiscing elit, sed do eiusmod tempor incididunt ut labore et dolore magna aliqua.
          </p>
        </div>
        <hr />
        <div
          class="like-heart flex flex-row"
        >
          <div
            class="basis-1/8"
            style="padding-left: 1.5rem; padding-top: 1rem; color: gray;"
          >
            <button
              class="w-8"
              data-testid="clap-button"
            >
              <img
                src="clapping.svg"
              />
            </button>
          </div>
          <div
            class="basis-1/8"
            data-testid="clap-count"
            style="text-align: center; padding-top: 1rem; color: gray;"
          >
            0
          </div>
          <div
            class="basis-1/2"
            style="margin-left: 20vh; padding-left: 1.5rem; padding-top: 1rem; color: gray;"
          >
            <button
              class="w-8"
              data-testid="black-heart"
            >
              <img
                src="heart-black.svg"
              />
            </button>
          </div>
        </div>
        <hr />
        <div
          class="px-6 pt-4 pb-2"
        >
          <span
            class="inline-block bg-gray-200 rounded-full px-3 py-1 text-sm font-semibold text-gray-700 mr-2"
          >
            #photography
          </span>
          <span
            class="inline-block bg-gray-200 rounded-full px-3 py-1 text-sm font-semibold text-gray-700 mr-2"
          >
            #travel
          </span>
          <span
            class="inline-block bg-gray-200 rounded-full px-3 py-1 text-sm font-semibold text-gray-700 mr-2"
          >
            #winter
          </span>
        </div>
      </div>
      <div
        class="max-w-sm rounded overflow-hidden shadow-lg"
        style="padding-top: 10px; margin-right: 10px;"
      >
        <img
          alt="Sunset in the mountains"
          class="w-full"
          src="https://picsum.photos/300/202"
        />
        <div
          class="flex flex-row"
        >
          <div
            class="basis-1/2"
            style="padding-left: 1.5rem; padding-top: 1rem; color: gray;"
          >
            2019-10-10
          </div>
          <div
            class="basis-1/2"
            style="text-align: center; padding-top: 1rem; color: gray;"
          >
            2 mins
          </div>
        </div>
        <div
          class="px-6 py-4"
        >
          <div
            class="font-bold text-xl mb-2"
          >
            The Desert Hacks
          </div>
          <p
            class="text-gray-700 text-base"
          >
            Lorem ipsum dolor sit amet, consectetur adipiscing elit, sed do eiusmod tempor incididunt ut labore et dolore magna aliqua.
          </p>
        </div>
        <hr />
        <div
          class="like-heart flex flex-row"
        >
          <div
            class="basis-1/8"
            style="padding-left: 1.5rem; padding-top: 1rem; color: gray;"
          >
            <button
              class="w-8"
              data-testid="clap-button"
            >
              <img
                src="clapping.svg"
              />
            </button>
          </div>
          <div
            class="basis-1/8"
            data-testid="clap-count"
            style="text-align: center; padding-top: 1rem; color: gray;"
          >
            0
          </div>
          <div
            class="basis-1/2"
            style="margin-left: 20vh; padding-left: 1.5rem; padding-top: 1rem; color: gray;"
          >
            <button
              class="w-8"
              data-testid="black-heart"
            >
              <img
                src="heart-black.svg"
              />
            </button>
          </div>
        </div>
        <hr />
        <div
          class="px-6 pt-4 pb-2"
        >
          <span
            class="inline-block bg-gray-200 rounded-full px-3 py-1 text-sm font-semibold text-gray-700 mr-2"
          >
            #photography
          </span>
          <span
            class="inline-block bg-gray-200 rounded-full px-3 py-1 text-sm font-semibold text-gray-700 mr-2"
          >
            #travel
          </span>
          <span
            class="inline-block bg-gray-200 rounded-full px-3 py-1 text-sm font-semibold text-gray-700 mr-2"
          >
            #winter
          </span>
        </div>
      </div>
      <div
        class="max-w-sm rounded overflow-hidden shadow-lg"
        style="padding-top: 10px; margin-right: 10px;"
      >
        <img
          alt="Sunset in the mountains"
          class="w-full"
          src="https://picsum.photos/300/200"
        />
        <div
          class="flex flex-row"
        >
          <div
            class="basis-1/2"
            style="padding-left: 1.5rem; padding-top: 1rem; color: gray;"
          >
            2019-10-10
          </div>
          <div
            class="basis-1/2"
            style="text-align: center; padding-top: 1rem; color: gray;"
          >
            2 mins
          </div>
        </div>
        <div
          class="px-6 py-4"
        >
          <div
            class="font-bold text-xl mb-2"
          >
            The Night Hacks
          </div>
          <p
            class="text-gray-700 text-base"
          >
            Lorem ipsum dolor sit amet, consectetur adipiscing elit, sed do eiusmod tempor incididunt ut labore et dolore magna aliqua.
          </p>
        </div>
        <hr />
        <div
          class="like-heart flex flex-row"
        >
          <div
            class="basis-1/8"
            style="padding-left: 1.5rem; padding-top: 1rem; color: gray;"
          >
            <button
              class="w-8"
              data-testid="clap-button"
            >
              <img
                src="clapping.svg"
              />
            </button>
          </div>
          <div
            class="basis-1/8"
            data-testid="clap-count"
            style="text-align: center; padding-top: 1rem; color: gray;"
          >
            0
          </div>
          <div
            class="basis-1/2"
            style="margin-left: 20vh; padding-left: 1.5rem; padding-top: 1rem; color: gray;"
          >
            <button
              class="w-8"
              data-testid="black-heart"
            >
              <img
                src="heart-black.svg"
              />
            </button>
          </div>
        </div>
        <hr />
        <div
          class="px-6 pt-4 pb-2"
        >
          <span
            class="inline-block bg-gray-200 rounded-full px-3 py-1 text-sm font-semibold text-gray-700 mr-2"
          >
            #photography
          </span>
          <span
            class="inline-block bg-gray-200 rounded-full px-3 py-1 text-sm font-semibold text-gray-700 mr-2"
          >
            #travel
          </span>
          <span
            class="inline-block bg-gray-200 rounded-full px-3 py-1 text-sm font-semibold text-gray-700 mr-2"
          >
            #winter
          </span>
        </div>
      </div>
      <div
        class="max-w-sm rounded overflow-hidden shadow-lg"
        style="padding-top: 10px; margin-right: 10px;"
      >
        <img
          alt="Sunset in the mountains"
          class="w-full"
          src="https://picsum.photos/300/206"
        />
        <div
          class="flex flex-row"
        >
          <div
            class="basis-1/2"
            style="padding-left: 1.5rem; padding-top: 1rem; color: gray;"
          >
            2019-10-10
          </div>
          <div
            class="basis-1/2"
            style="text-align: center; padding-top: 1rem; color: gray;"
          >
            2 mins
          </div>
        </div>
        <div
          class="px-6 py-4"
        >
          <div
            class="font-bold text-xl mb-2"
          >
            Morning Club
          </div>
          <p
            class="text-gray-700 text-base"
          >
            Lorem ipsum dolor sit amet, consectetur adipiscing elit, sed do eiusmod tempor incididunt ut labore et dolore magna aliqua.
          </p>
        </div>
        <hr />
        <div
          class="like-heart flex flex-row"
        >
          <div
            class="basis-1/8"
            style="padding-left: 1.5rem; padding-top: 1rem; color: gray;"
          >
            <button
              class="w-8"
              data-testid="clap-button"
            >
              <img
                src="clapping.svg"
              />
            </button>
          </div>
          <div
            class="basis-1/8"
            data-testid="clap-count"
            style="text-align: center; padding-top: 1rem; color: gray;"
          >
            0
          </div>
          <div
            class="basis-1/2"
            style="margin-left: 20vh; padding-left: 1.5rem; padding-top: 1rem; color: gray;"
          >
            <button
              class="w-8"
              data-testid="black-heart"
            >
              <img
                src="heart-black.svg"
              />
            </button>
          </div>
        </div>
        <hr />
        <div
          class="px-6 pt-4 pb-2"
        >
          <span
            class="inline-block bg-gray-200 rounded-full px-3 py-1 text-sm font-semibold text-gray-700 mr-2"
          >
            #photography
          </span>
          <span
            class="inline-block bg-gray-200 rounded-full px-3 py-1 text-sm font-semibold text-gray-700 mr-2"
          >
            #travel
          </span>
          <span
            class="inline-block bg-gray-200 rounded-full px-3 py-1 text-sm font-semibold text-gray-700 mr-2"
          >
            #winter
          </span>
        </div>
      </div>
      <div
        class="max-w-sm rounded overflow-hidden shadow-lg"
        style="padding-top: 10px; margin-right: 10px;"
      >
        <img
          alt="Sunset in the mountains"
          class="w-full"
          src="https://picsum.photos/300/214"
        />
        <div
          class="flex flex-row"
        >
          <div
            class="basis-1/2"
            style="padding-left: 1.5rem; padding-top: 1rem; color: gray;"
          >
            2019-10-10
          </div>
          <div
            class="basis-1/2"
            style="text-align: center; padding-top: 1rem; color: gray;"
          >
            2 mins
          </div>
        </div>
        <div
          class="px-6 py-4"
        >
          <div
            class="font-bold text-xl mb-2"
          >
            The Coldest Winter
          </div>
          <p
            class="text-gray-700 text-base"
          >
            Lorem ipsum dolor sit amet, consectetur adipiscing elit, sed do eiusmod tempor incididunt ut labore et dolore magna aliqua.
          </p>
        </div>
        <hr />
        <div
          class="like-heart flex flex-row"
        >
          <div
            class="basis-1/8"
            style="padding-left: 1.5rem; padding-top: 1rem; color: gray;"
          >
            <button
              class="w-8"
              data-testid="clap-button"
            >
              <img
                src="clapping.svg"
              />
            </button>
          </div>
          <div
            class="basis-1/8"
            data-testid="clap-count"
            style="text-align: center; padding-top: 1rem; color: gray;"
          >
            0
          </div>
          <div
            class="basis-1/2"
            style="margin-left: 20vh; padding-left: 1.5rem; padding-top: 1rem; color: gray;"
          >
            <button
              class="w-8"
              data-testid="black-heart"
            >
              <img
                src="heart-black.svg"
              />
            </button>
          </div>
        </div>
        <hr />
        <div
          class="px-6 pt-4 pb-2"
        >
          <span
            class="inline-block bg-gray-200 rounded-full px-3 py-1 text-sm font-semibold text-gray-700 mr-2"
          >
            #photography
          </span>
          <span
            class="inline-block bg-gray-200 rounded-full px-3 py-1 text-sm font-semibold text-gray-700 mr-2"
          >
            #travel
          </span>
          <span
            class="inline-block bg-gray-200 rounded-full px-3 py-1 text-sm font-semibold text-gray-700 mr-2"
          >
            #winter
          </span>
        </div>
      </div>
      <div
        class="max-w-sm rounded overflow-hidden shadow-lg"
        style="padding-top: 10px; margin-right: 10px;"
      >
        <img
          alt="Sunset in the mountains"
          class="w-full"
          src="https://picsum.photos/300/210"
        />
        <div
          class="flex flex-row"
        >
          <div
            class="basis-1/2"
            style="padding-left: 1.5rem; padding-top: 1rem; color: gray;"
          >
            2019-10-10
          </div>
          <div
            class="basis-1/2"
            style="text-align: center; padding-top: 1rem; color: gray;"
          >
            2 mins
          </div>
        </div>
        <div
          class="px-6 py-4"
        >
          <div
            class="font-bold text-xl mb-2"
          >
            The Cold Breeze
          </div>
          <p
            class="text-gray-700 text-base"
          >
            Lorem ipsum dolor sit amet, consectetur adipiscing elit, sed do eiusmod tempor incididunt ut labore et dolore magna aliqua.
          </p>
        </div>
        <hr />
        <div
          class="like-heart flex flex-row"
        >
          <div
            class="basis-1/8"
            style="padding-left: 1.5rem; padding-top: 1rem; color: gray;"
          >
            <button
              class="w-8"
              data-testid="clap-button"
            >
              <img
                src="clapping.svg"
              />
            </button>
          </div>
          <div
            class="basis-1/8"
            data-testid="clap-count"
            style="text-align: center; padding-top: 1rem; color: gray;"
          >
            0
          </div>
          <div
            class="basis-1/2"
            style="margin-left: 20vh; padding-left: 1.5rem; padding-top: 1rem; color: gray;"
          >
            <button
              class="w-8"
              data-testid="black-heart"
            >
              <img
                src="heart-black.svg"
              />
            </button>
          </div>
        </div>
        <hr />
        <div
          class="px-6 pt-4 pb-2"
        >
          <span
            class="inline-block bg-gray-200 rounded-full px-3 py-1 text-sm font-semibold text-gray-700 mr-2"
          >
            #photography
          </span>
          <span
            class="inline-block bg-gray-200 rounded-full px-3 py-1 text-sm font-semibold text-gray-700 mr-2"
          >
            #travel
          </span>
          <span
            class="inline-block bg-gray-200 rounded-full px-3 py-1 text-sm font-semibold text-gray-700 mr-2"
          >
            #winter
          </span>
        </div>
      </div>
    </div>
    <div
      class="bg-gray-800 footer"
    >
      <footer
        class="bg-gray-200 text-center lg:text-left"
      >
        <div
          class="text-gray-700 text-center p-4"
        >
          © 2021 Copyright:
        </div>
      </footer>
    </div>
  </div>
</DocumentFragment>
`;
